Standard Commons Logging discovery in action with spring-jcl: please remove commons-logging.jar from classpath in order to avoid potential conflicts

  .   ____          _            __ _ _
 /\\ / ___'_ __ _ _(_)_ __  __ _ \ \ \ \
( ( )\___ | '_ | '_| | '_ \/ _` | \ \ \ \
 \\/  ___)| |_)| | | | | || (_| |  ) ) ) )
  '  |____| .__|_| |_|_| |_\__, | / / / /
 =========|_|==============|___/=/_/_/_/

 :: Spring Boot ::                (v3.3.5)

2026-02-25T05:54:56.739+05:30  INFO 152811 --- [           main] c.e.v.EdubridgeVaultApplication          : Starting EdubridgeVaultApplication v0.0.1-SNAPSHOT using Java 21.0.10 with PID 152811 (/home/norwing/IdeaProjects/edubridge-vault/target/vault-service-0.0.1-SNAPSHOT.jar started by norwing in /home/norwing/IdeaProjects/edubridge-vault)
2026-02-25T05:54:56.741+05:30  INFO 152811 --- [           main] c.e.v.EdubridgeVaultApplication          : No active profile set, falling back to 1 default profile: "default"
2026-02-25T05:54:58.665+05:30  INFO 152811 --- [           main] .s.d.r.c.RepositoryConfigurationDelegate : Multiple Spring Data modules found, entering strict repository configuration mode
2026-02-25T05:54:58.668+05:30  INFO 152811 --- [           main] .s.d.r.c.RepositoryConfigurationDelegate : Bootstrapping Spring Data JPA repositories in DEFAULT mode.
2026-02-25T05:54:59.256+05:30  INFO 152811 --- [           main] .s.d.r.c.RepositoryConfigurationDelegate : Finished Spring Data repository scanning in 575 ms. Found 2 JPA repository interfaces.
2026-02-25T05:54:59.277+05:30  INFO 152811 --- [           main] .s.d.r.c.RepositoryConfigurationDelegate : Multiple Spring Data modules found, entering strict repository configuration mode
2026-02-25T05:54:59.278+05:30  INFO 152811 --- [           main] .s.d.r.c.RepositoryConfigurationDelegate : Bootstrapping Spring Data Redis repositories in DEFAULT mode.
2026-02-25T05:54:59.295+05:30  INFO 152811 --- [           main] .RepositoryConfigurationExtensionSupport : Spring Data Redis - Could not safely identify store assignment for repository candidate interface com.edubridge.vaultservice.repository.OutboxEventRepository; If you want this repository to be a Redis repository, consider annotating your entities with one of these annotations: org.springframework.data.redis.core.RedisHash (preferred), or consider extending one of the following types with your repository: org.springframework.data.keyvalue.repository.KeyValueRepository
2026-02-25T05:54:59.296+05:30  INFO 152811 --- [           main] .RepositoryConfigurationExtensionSupport : Spring Data Redis - Could not safely identify store assignment for repository candidate interface com.edubridge.vaultservice.repository.UserRegistrationRepository; If you want this repository to be a Redis repository, consider annotating your entities with one of these annotations: org.springframework.data.redis.core.RedisHash (preferred), or consider extending one of the following types with your repository: org.springframework.data.keyvalue.repository.KeyValueRepository
2026-02-25T05:54:59.296+05:30  INFO 152811 --- [           main] .s.d.r.c.RepositoryConfigurationDelegate : Finished Spring Data repository scanning in 8 ms. Found 0 Redis repository interfaces.
2026-02-25T05:55:00.926+05:30  INFO 152811 --- [           main] o.s.b.w.embedded.tomcat.TomcatWebServer  : Tomcat initialized with port 8081 (http)
2026-02-25T05:55:00.941+05:30  INFO 152811 --- [           main] o.apache.catalina.core.StandardService   : Starting service [Tomcat]
2026-02-25T05:55:00.941+05:30  INFO 152811 --- [           main] o.apache.catalina.core.StandardEngine    : Starting Servlet engine: [Apache Tomcat/10.1.31]
2026-02-25T05:55:00.981+05:30  INFO 152811 --- [           main] o.a.c.c.C.[Tomcat].[localhost].[/]       : Initializing Spring embedded WebApplicationContext
2026-02-25T05:55:00.982+05:30  INFO 152811 --- [           main] w.s.c.ServletWebServerApplicationContext : Root WebApplicationContext: initialization completed in 4189 ms
Standard Commons Logging discovery in action with spring-jcl: please remove commons-logging.jar from classpath in order to avoid potential conflicts
2026-02-25T05:55:01.456+05:30  INFO 152811 --- [           main] c.e.v.service.SecretsManagerService      : Fetching runtime credentials from AWS Secrets Manager: edubridge/vault/production/secrets
2026-02-25T05:55:02.600+05:30 ERROR 152811 --- [           main] c.e.v.service.SecretsManagerService      : Failed to fetch secrets from AWS Secrets Manager. Falling back to environment variables.

software.amazon.awssdk.services.secretsmanager.model.SecretsManagerException: User: arn:aws:iam::433619996781:user/edubridge-dev is not authorized to perform: secretsmanager:GetSecretValue on resource: edubridge/vault/production/secrets because no identity-based policy allows the secretsmanager:GetSecretValue action (Service: SecretsManager, Status Code: 400, Request ID: f9bed442-700d-474c-883f-e4e02ebab7ce)
	at software.amazon.awssdk.core.internal.http.CombinedResponseHandler.handleErrorResponse(CombinedResponseHandler.java:125) ~[sdk-core-2.20.0.jar!/:na]
	at software.amazon.awssdk.core.internal.http.CombinedResponseHandler.handleResponse(CombinedResponseHandler.java:82) ~[sdk-core-2.20.0.jar!/:na]
	at software.amazon.awssdk.core.internal.http.CombinedResponseHandler.handle(CombinedResponseHandler.java:60) ~[sdk-core-2.20.0.jar!/:na]
	at software.amazon.awssdk.core.internal.http.CombinedResponseHandler.handle(CombinedResponseHandler.java:41) ~[sdk-core-2.20.0.jar!/:na]
	at software.amazon.awssdk.core.internal.http.pipeline.stages.HandleResponseStage.execute(HandleResponseStage.java:40) ~[sdk-core-2.20.0.jar!/:na]
	at software.amazon.awssdk.core.internal.http.pipeline.stages.HandleResponseStage.execute(HandleResponseStage.java:30) ~[sdk-core-2.20.0.jar!/:na]
	at software.amazon.awssdk.core.internal.http.pipeline.RequestPipelineBuilder$ComposingRequestPipelineStage.execute(RequestPipelineBuilder.java:206) ~[sdk-core-2.20.0.jar!/:na]
	at software.amazon.awssdk.core.internal.http.pipeline.stages.ApiCallAttemptTimeoutTrackingStage.execute(ApiCallAttemptTimeoutTrackingStage.java:73) ~[sdk-core-2.20.0.jar!/:na]
	at software.amazon.awssdk.core.internal.http.pipeline.stages.ApiCallAttemptTimeoutTrackingStage.execute(ApiCallAttemptTimeoutTrackingStage.java:42) ~[sdk-core-2.20.0.jar!/:na]
	at software.amazon.awssdk.core.internal.http.pipeline.stages.TimeoutExceptionHandlingStage.execute(TimeoutExceptionHandlingStage.java:78) ~[sdk-core-2.20.0.jar!/:na]
	at software.amazon.awssdk.core.internal.http.pipeline.stages.TimeoutExceptionHandlingStage.execute(TimeoutExceptionHandlingStage.java:40) ~[sdk-core-2.20.0.jar!/:na]
	at software.amazon.awssdk.core.internal.http.pipeline.stages.ApiCallAttemptMetricCollectionStage.execute(ApiCallAttemptMetricCollectionStage.java:50) ~[sdk-core-2.20.0.jar!/:na]
	at software.amazon.awssdk.core.internal.http.pipeline.stages.ApiCallAttemptMetricCollectionStage.execute(ApiCallAttemptMetricCollectionStage.java:36) ~[sdk-core-2.20.0.jar!/:na]
	at software.amazon.awssdk.core.internal.http.pipeline.stages.RetryableStage.execute(RetryableStage.java:81) ~[sdk-core-2.20.0.jar!/:na]
	at software.amazon.awssdk.core.internal.http.pipeline.stages.RetryableStage.execute(RetryableStage.java:36) ~[sdk-core-2.20.0.jar!/:na]
	at software.amazon.awssdk.core.internal.http.pipeline.RequestPipelineBuilder$ComposingRequestPipelineStage.execute(RequestPipelineBuilder.java:206) ~[sdk-core-2.20.0.jar!/:na]
	at software.amazon.awssdk.core.internal.http.StreamManagingStage.execute(StreamManagingStage.java:56) ~[sdk-core-2.20.0.jar!/:na]
	at software.amazon.awssdk.core.internal.http.StreamManagingStage.execute(StreamManagingStage.java:36) ~[sdk-core-2.20.0.jar!/:na]
	at software.amazon.awssdk.core.internal.http.pipeline.stages.ApiCallTimeoutTrackingStage.executeWithTimer(ApiCallTimeoutTrackingStage.java:80) ~[sdk-core-2.20.0.jar!/:na]
	at software.amazon.awssdk.core.internal.http.pipeline.stages.ApiCallTimeoutTrackingStage.execute(ApiCallTimeoutTrackingStage.java:60) ~[sdk-core-2.20.0.jar!/:na]
	at software.amazon.awssdk.core.internal.http.pipeline.stages.ApiCallTimeoutTrackingStage.execute(ApiCallTimeoutTrackingStage.java:42) ~[sdk-core-2.20.0.jar!/:na]
	at software.amazon.awssdk.core.internal.http.pipeline.stages.ApiCallMetricCollectionStage.execute(ApiCallMetricCollectionStage.java:48) ~[sdk-core-2.20.0.jar!/:na]
	at software.amazon.awssdk.core.internal.http.pipeline.stages.ApiCallMetricCollectionStage.execute(ApiCallMetricCollectionStage.java:31) ~[sdk-core-2.20.0.jar!/:na]
	at software.amazon.awssdk.core.internal.http.pipeline.RequestPipelineBuilder$ComposingRequestPipelineStage.execute(RequestPipelineBuilder.java:206) ~[sdk-core-2.20.0.jar!/:na]
	at software.amazon.awssdk.core.internal.http.pipeline.RequestPipelineBuilder$ComposingRequestPipelineStage.execute(RequestPipelineBuilder.java:206) ~[sdk-core-2.20.0.jar!/:na]
	at software.amazon.awssdk.core.internal.http.pipeline.stages.ExecutionFailureExceptionReportingStage.execute(ExecutionFailureExceptionReportingStage.java:37) ~[sdk-core-2.20.0.jar!/:na]
	at software.amazon.awssdk.core.internal.http.pipeline.stages.ExecutionFailureExceptionReportingStage.execute(ExecutionFailureExceptionReportingStage.java:26) ~[sdk-core-2.20.0.jar!/:na]
	at software.amazon.awssdk.core.internal.http.AmazonSyncHttpClient$RequestExecutionBuilderImpl.execute(AmazonSyncHttpClient.java:193) ~[sdk-core-2.20.0.jar!/:na]
	at software.amazon.awssdk.core.internal.handler.BaseSyncClientHandler.invoke(BaseSyncClientHandler.java:103) ~[sdk-core-2.20.0.jar!/:na]
	at software.amazon.awssdk.core.internal.handler.BaseSyncClientHandler.doExecute(BaseSyncClientHandler.java:171) ~[sdk-core-2.20.0.jar!/:na]
	at software.amazon.awssdk.core.internal.handler.BaseSyncClientHandler.lambda$execute$1(BaseSyncClientHandler.java:82) ~[sdk-core-2.20.0.jar!/:na]
	at software.amazon.awssdk.core.internal.handler.BaseSyncClientHandler.measureApiCallSuccess(BaseSyncClientHandler.java:179) ~[sdk-core-2.20.0.jar!/:na]
	at software.amazon.awssdk.core.internal.handler.BaseSyncClientHandler.execute(BaseSyncClientHandler.java:76) ~[sdk-core-2.20.0.jar!/:na]
	at software.amazon.awssdk.core.client.handler.SdkSyncClientHandler.execute(SdkSyncClientHandler.java:45) ~[sdk-core-2.20.0.jar!/:na]
	at software.amazon.awssdk.awscore.client.handler.AwsSyncClientHandler.execute(AwsSyncClientHandler.java:56) ~[aws-core-2.20.0.jar!/:na]
	at software.amazon.awssdk.services.secretsmanager.DefaultSecretsManagerClient.getSecretValue(DefaultSecretsManagerClient.java:983) ~[secretsmanager-2.20.0.jar!/:na]
	at com.edubridge.vaultservice.service.SecretsManagerService.init(SecretsManagerService.java:40) ~[!/:0.0.1-SNAPSHOT]
	at java.base/jdk.internal.reflect.DirectMethodHandleAccessor.invoke(DirectMethodHandleAccessor.java:103) ~[na:na]
	at java.base/java.lang.reflect.Method.invoke(Method.java:580) ~[na:na]
	at org.springframework.beans.factory.annotation.InitDestroyAnnotationBeanPostProcessor$LifecycleMethod.invoke(InitDestroyAnnotationBeanPostProcessor.java:457) ~[spring-beans-6.1.14.jar!/:6.1.14]
	at org.springframework.beans.factory.annotation.InitDestroyAnnotationBeanPostProcessor$LifecycleMetadata.invokeInitMethods(InitDestroyAnnotationBeanPostProcessor.java:401) ~[spring-beans-6.1.14.jar!/:6.1.14]
	at org.springframework.beans.factory.annotation.InitDestroyAnnotationBeanPostProcessor.postProcessBeforeInitialization(InitDestroyAnnotationBeanPostProcessor.java:219) ~[spring-beans-6.1.14.jar!/:6.1.14]
	at org.springframework.beans.factory.support.AbstractAutowireCapableBeanFactory.applyBeanPostProcessorsBeforeInitialization(AbstractAutowireCapableBeanFactory.java:422) ~[spring-beans-6.1.14.jar!/:6.1.14]
	at org.springframework.beans.factory.support.AbstractAutowireCapableBeanFactory.initializeBean(AbstractAutowireCapableBeanFactory.java:1798) ~[spring-beans-6.1.14.jar!/:6.1.14]
	at org.springframework.beans.factory.support.AbstractAutowireCapableBeanFactory.doCreateBean(AbstractAutowireCapableBeanFactory.java:600) ~[spring-beans-6.1.14.jar!/:6.1.14]
	at org.springframework.beans.factory.support.AbstractAutowireCapableBeanFactory.createBean(AbstractAutowireCapableBeanFactory.java:522) ~[spring-beans-6.1.14.jar!/:6.1.14]
	at org.springframework.beans.factory.support.AbstractBeanFactory.lambda$doGetBean$0(AbstractBeanFactory.java:337) ~[spring-beans-6.1.14.jar!/:6.1.14]
	at org.springframework.beans.factory.support.DefaultSingletonBeanRegistry.getSingleton(DefaultSingletonBeanRegistry.java:234) ~[spring-beans-6.1.14.jar!/:6.1.14]
	at org.springframework.beans.factory.support.AbstractBeanFactory.doGetBean(AbstractBeanFactory.java:335) ~[spring-beans-6.1.14.jar!/:6.1.14]
	at org.springframework.beans.factory.support.AbstractBeanFactory.getBean(AbstractBeanFactory.java:200) ~[spring-beans-6.1.14.jar!/:6.1.14]
	at org.springframework.beans.factory.config.DependencyDescriptor.resolveCandidate(DependencyDescriptor.java:254) ~[spring-beans-6.1.14.jar!/:6.1.14]
	at org.springframework.beans.factory.support.DefaultListableBeanFactory.doResolveDependency(DefaultListableBeanFactory.java:1443) ~[spring-beans-6.1.14.jar!/:6.1.14]
	at org.springframework.beans.factory.support.DefaultListableBeanFactory.resolveDependency(DefaultListableBeanFactory.java:1353) ~[spring-beans-6.1.14.jar!/:6.1.14]
	at org.springframework.beans.factory.support.ConstructorResolver.resolveAutowiredArgument(ConstructorResolver.java:904) ~[spring-beans-6.1.14.jar!/:6.1.14]
	at org.springframework.beans.factory.support.ConstructorResolver.createArgumentArray(ConstructorResolver.java:782) ~[spring-beans-6.1.14.jar!/:6.1.14]
	at org.springframework.beans.factory.support.ConstructorResolver.autowireConstructor(ConstructorResolver.java:237) ~[spring-beans-6.1.14.jar!/:6.1.14]
	at org.springframework.beans.factory.support.AbstractAutowireCapableBeanFactory.autowireConstructor(AbstractAutowireCapableBeanFactory.java:1375) ~[spring-beans-6.1.14.jar!/:6.1.14]
	at org.springframework.beans.factory.support.AbstractAutowireCapableBeanFactory.createBeanInstance(AbstractAutowireCapableBeanFactory.java:1212) ~[spring-beans-6.1.14.jar!/:6.1.14]
	at org.springframework.beans.factory.support.AbstractAutowireCapableBeanFactory.doCreateBean(AbstractAutowireCapableBeanFactory.java:562) ~[spring-beans-6.1.14.jar!/:6.1.14]
	at org.springframework.beans.factory.support.AbstractAutowireCapableBeanFactory.createBean(AbstractAutowireCapableBeanFactory.java:522) ~[spring-beans-6.1.14.jar!/:6.1.14]
	at org.springframework.beans.factory.support.AbstractBeanFactory.lambda$doGetBean$0(AbstractBeanFactory.java:337) ~[spring-beans-6.1.14.jar!/:6.1.14]
	at org.springframework.beans.factory.support.DefaultSingletonBeanRegistry.getSingleton(DefaultSingletonBeanRegistry.java:234) ~[spring-beans-6.1.14.jar!/:6.1.14]
	at org.springframework.beans.factory.support.AbstractBeanFactory.doGetBean(AbstractBeanFactory.java:335) ~[spring-beans-6.1.14.jar!/:6.1.14]
	at org.springframework.beans.factory.support.AbstractBeanFactory.getBean(AbstractBeanFactory.java:200) ~[spring-beans-6.1.14.jar!/:6.1.14]
	at org.springframework.beans.factory.support.ConstructorResolver.instantiateUsingFactoryMethod(ConstructorResolver.java:409) ~[spring-beans-6.1.14.jar!/:6.1.14]
	at org.springframework.beans.factory.support.AbstractAutowireCapableBeanFactory.instantiateUsingFactoryMethod(AbstractAutowireCapableBeanFactory.java:1355) ~[spring-beans-6.1.14.jar!/:6.1.14]
	at org.springframework.beans.factory.support.AbstractAutowireCapableBeanFactory.createBeanInstance(AbstractAutowireCapableBeanFactory.java:1185) ~[spring-beans-6.1.14.jar!/:6.1.14]
	at org.springframework.beans.factory.support.AbstractAutowireCapableBeanFactory.doCreateBean(AbstractAutowireCapableBeanFactory.java:562) ~[spring-beans-6.1.14.jar!/:6.1.14]
	at org.springframework.beans.factory.support.AbstractAutowireCapableBeanFactory.createBean(AbstractAutowireCapableBeanFactory.java:522) ~[spring-beans-6.1.14.jar!/:6.1.14]
	at org.springframework.beans.factory.support.AbstractBeanFactory.lambda$doGetBean$0(AbstractBeanFactory.java:337) ~[spring-beans-6.1.14.jar!/:6.1.14]
	at org.springframework.beans.factory.support.DefaultSingletonBeanRegistry.getSingleton(DefaultSingletonBeanRegistry.java:234) ~[spring-beans-6.1.14.jar!/:6.1.14]
	at org.springframework.beans.factory.support.AbstractBeanFactory.doGetBean(AbstractBeanFactory.java:335) ~[spring-beans-6.1.14.jar!/:6.1.14]
	at org.springframework.beans.factory.support.AbstractBeanFactory.getBean(AbstractBeanFactory.java:200) ~[spring-beans-6.1.14.jar!/:6.1.14]
	at org.springframework.beans.factory.config.DependencyDescriptor.resolveCandidate(DependencyDescriptor.java:254) ~[spring-beans-6.1.14.jar!/:6.1.14]
	at org.springframework.beans.factory.support.DefaultListableBeanFactory.doResolveDependency(DefaultListableBeanFactory.java:1443) ~[spring-beans-6.1.14.jar!/:6.1.14]
	at org.springframework.beans.factory.support.DefaultListableBeanFactory$DependencyObjectProvider.getIfUnique(DefaultListableBeanFactory.java:2153) ~[spring-beans-6.1.14.jar!/:6.1.14]
	at org.springframework.boot.autoconfigure.flyway.FlywayAutoConfiguration$FlywayConfiguration.flyway(FlywayAutoConfiguration.java:172) ~[spring-boot-autoconfigure-3.3.5.jar!/:3.3.5]
	at java.base/jdk.internal.reflect.DirectMethodHandleAccessor.invoke(DirectMethodHandleAccessor.java:103) ~[na:na]
	at java.base/java.lang.reflect.Method.invoke(Method.java:580) ~[na:na]
	at org.springframework.beans.factory.support.SimpleInstantiationStrategy.instantiate(SimpleInstantiationStrategy.java:146) ~[spring-beans-6.1.14.jar!/:6.1.14]
	at org.springframework.beans.factory.support.ConstructorResolver.instantiate(ConstructorResolver.java:644) ~[spring-beans-6.1.14.jar!/:6.1.14]
	at org.springframework.beans.factory.support.ConstructorResolver.instantiateUsingFactoryMethod(ConstructorResolver.java:636) ~[spring-beans-6.1.14.jar!/:6.1.14]
	at org.springframework.beans.factory.support.AbstractAutowireCapableBeanFactory.instantiateUsingFactoryMethod(AbstractAutowireCapableBeanFactory.java:1355) ~[spring-beans-6.1.14.jar!/:6.1.14]
	at org.springframework.beans.factory.support.AbstractAutowireCapableBeanFactory.createBeanInstance(AbstractAutowireCapableBeanFactory.java:1185) ~[spring-beans-6.1.14.jar!/:6.1.14]
	at org.springframework.beans.factory.support.AbstractAutowireCapableBeanFactory.doCreateBean(AbstractAutowireCapableBeanFactory.java:562) ~[spring-beans-6.1.14.jar!/:6.1.14]
	at org.springframework.beans.factory.support.AbstractAutowireCapableBeanFactory.createBean(AbstractAutowireCapableBeanFactory.java:522) ~[spring-beans-6.1.14.jar!/:6.1.14]
	at org.springframework.beans.factory.support.AbstractBeanFactory.lambda$doGetBean$0(AbstractBeanFactory.java:337) ~[spring-beans-6.1.14.jar!/:6.1.14]
	at org.springframework.beans.factory.support.DefaultSingletonBeanRegistry.getSingleton(DefaultSingletonBeanRegistry.java:234) ~[spring-beans-6.1.14.jar!/:6.1.14]
	at org.springframework.beans.factory.support.AbstractBeanFactory.doGetBean(AbstractBeanFactory.java:335) ~[spring-beans-6.1.14.jar!/:6.1.14]
	at org.springframework.beans.factory.support.AbstractBeanFactory.getBean(AbstractBeanFactory.java:200) ~[spring-beans-6.1.14.jar!/:6.1.14]
	at org.springframework.beans.factory.support.AbstractBeanFactory.doGetBean(AbstractBeanFactory.java:313) ~[spring-beans-6.1.14.jar!/:6.1.14]
	at org.springframework.beans.factory.support.AbstractBeanFactory.getBean(AbstractBeanFactory.java:205) ~[spring-beans-6.1.14.jar!/:6.1.14]
	at org.springframework.context.support.AbstractApplicationContext.finishBeanFactoryInitialization(AbstractApplicationContext.java:954) ~[spring-context-6.1.14.jar!/:6.1.14]
	at org.springframework.context.support.AbstractApplicationContext.refresh(AbstractApplicationContext.java:625) ~[spring-context-6.1.14.jar!/:6.1.14]
	at org.springframework.boot.web.servlet.context.ServletWebServerApplicationContext.refresh(ServletWebServerApplicationContext.java:146) ~[spring-boot-3.3.5.jar!/:3.3.5]
	at org.springframework.boot.SpringApplication.refresh(SpringApplication.java:754) ~[spring-boot-3.3.5.jar!/:3.3.5]
	at org.springframework.boot.SpringApplication.refreshContext(SpringApplication.java:456) ~[spring-boot-3.3.5.jar!/:3.3.5]
	at org.springframework.boot.SpringApplication.run(SpringApplication.java:335) ~[spring-boot-3.3.5.jar!/:3.3.5]
	at org.springframework.boot.SpringApplication.run(SpringApplication.java:1363) ~[spring-boot-3.3.5.jar!/:3.3.5]
	at org.springframework.boot.SpringApplication.run(SpringApplication.java:1352) ~[spring-boot-3.3.5.jar!/:3.3.5]
	at com.edubridge.vaultservice.EdubridgeVaultApplication.main(EdubridgeVaultApplication.java:41) ~[!/:0.0.1-SNAPSHOT]
	at java.base/jdk.internal.reflect.DirectMethodHandleAccessor.invoke(DirectMethodHandleAccessor.java:103) ~[na:na]
	at java.base/java.lang.reflect.Method.invoke(Method.java:580) ~[na:na]
	at org.springframework.boot.loader.launch.Launcher.launch(Launcher.java:102) ~[vault-service-0.0.1-SNAPSHOT.jar:0.0.1-SNAPSHOT]
	at org.springframework.boot.loader.launch.Launcher.launch(Launcher.java:64) ~[vault-service-0.0.1-SNAPSHOT.jar:0.0.1-SNAPSHOT]
	at org.springframework.boot.loader.launch.JarLauncher.main(JarLauncher.java:40) ~[vault-service-0.0.1-SNAPSHOT.jar:0.0.1-SNAPSHOT]

2026-02-25T05:55:02.939+05:30  INFO 152811 --- [           main] com.zaxxer.hikari.HikariDataSource       : HikariPool-1 - Starting...
2026-02-25T05:55:04.287+05:30  INFO 152811 --- [           main] com.zaxxer.hikari.pool.HikariPool        : HikariPool-1 - Added connection org.postgresql.jdbc.PgConnection@943cf5
2026-02-25T05:55:04.288+05:30  INFO 152811 --- [           main] com.zaxxer.hikari.HikariDataSource       : HikariPool-1 - Start completed.
2026-02-25T05:55:04.590+05:30  INFO 152811 --- [           main] org.flywaydb.core.FlywayExecutor         : Database: jdbc:postgresql://aws-1-ap-southeast-2.pooler.supabase.com:5432/postgres (PostgreSQL 17.6)
2026-02-25T05:55:05.567+05:30  WARN 152811 --- [           main] o.f.c.internal.database.base.Database    : Flyway upgrade recommended: PostgreSQL 17.6 is newer than this version of Flyway and support has not been tested. The latest supported version of PostgreSQL is 16.
2026-02-25T05:55:06.297+05:30  INFO 152811 --- [           main] o.f.core.internal.command.DbValidate     : Successfully validated 4 migrations (execution time 00:00.582s)
2026-02-25T05:55:07.961+05:30  INFO 152811 --- [           main] o.f.core.internal.command.DbMigrate      : Current version of schema "public": 3
2026-02-25T05:55:08.102+05:30  INFO 152811 --- [           main] o.f.core.internal.command.DbMigrate      : Schema "public" is up to date. No migration necessary.
2026-02-25T05:55:09.277+05:30  INFO 152811 --- [           main] org.flywaydb.core.FlywayExecutor         : Database: jdbc:postgresql://aws-1-ap-southeast-2.pooler.supabase.com:5432/postgres (PostgreSQL 17.6)
2026-02-25T05:55:10.248+05:30  WARN 152811 --- [           main] o.f.c.internal.database.base.Database    : Flyway upgrade recommended: PostgreSQL 17.6 is newer than this version of Flyway and support has not been tested. The latest supported version of PostgreSQL is 16.
2026-02-25T05:55:10.946+05:30  INFO 152811 --- [           main] o.f.core.internal.command.DbValidate     : Successfully validated 4 migrations (execution time 00:00.560s)
2026-02-25T05:55:12.602+05:30  INFO 152811 --- [           main] o.f.core.internal.command.DbMigrate      : Current version of schema "public": 3
2026-02-25T05:55:12.740+05:30  INFO 152811 --- [           main] o.f.core.internal.command.DbMigrate      : Schema "public" is up to date. No migration necessary.
2026-02-25T05:55:13.585+05:30  INFO 152811 --- [           main] o.hibernate.jpa.internal.util.LogHelper  : HHH000204: Processing PersistenceUnitInfo [name: default]
2026-02-25T05:55:13.633+05:30  INFO 152811 --- [           main] org.hibernate.Version                    : HHH000412: Hibernate ORM core version 6.5.3.Final
2026-02-25T05:55:13.665+05:30  INFO 152811 --- [           main] o.h.c.internal.RegionFactoryInitiator    : HHH000026: Second-level cache disabled
2026-02-25T05:55:13.914+05:30  INFO 152811 --- [           main] o.s.o.j.p.SpringPersistenceUnitInfo      : No LoadTimeWeaver setup: ignoring JPA class transformer
2026-02-25T05:55:13.927+05:30  WARN 152811 --- [           main] org.hibernate.orm.deprecation            : HHH90000021: Encountered deprecated setting [hibernate.temp.use_jdbc_metadata_defaults], use [hibernate.boot.allow_jdbc_metadata_access] instead
2026-02-25T05:55:13.940+05:30  WARN 152811 --- [           main] org.hibernate.orm.deprecation            : HHH90000025: PostgreSQLDialect does not need to be specified explicitly using 'hibernate.dialect' (remove the property setting and it will be selected by default)
2026-02-25T05:55:14.725+05:30  INFO 152811 --- [           main] o.h.e.t.j.p.i.JtaPlatformInitiator       : HHH000489: No JTA platform available (set 'hibernate.transaction.jta.platform' to enable JTA platform integration)
2026-02-25T05:55:15.738+05:30  INFO 152811 --- [           main] j.LocalContainerEntityManagerFactoryBean : Initialized JPA EntityManagerFactory for persistence unit 'default'
2026-02-25T05:55:16.225+05:30  INFO 152811 --- [           main] org.redisson.Version                     : Redisson 3.27.0
2026-02-25T05:55:16.497+05:30  INFO 152811 --- [isson-netty-1-5] o.redisson.connection.ConnectionsHolder  : 1 connections initialized for localhost/127.0.0.1:6379
2026-02-25T05:55:16.564+05:30  INFO 152811 --- [sson-netty-1-20] o.redisson.connection.ConnectionsHolder  : 24 connections initialized for localhost/127.0.0.1:6379
2026-02-25T05:55:17.288+05:30  WARN 152811 --- [           main] JpaBaseConfiguration$JpaWebConfiguration : spring.jpa.open-in-view is enabled by default. Therefore, database queries may be performed during view rendering. Explicitly configure spring.jpa.open-in-view to disable this warning
2026-02-25T05:55:17.669+05:30  INFO 152811 --- [           main] o.s.b.a.e.web.EndpointLinksResolver      : Exposing 1 endpoint beneath base path '/actuator'
2026-02-25T05:55:18.460+05:30  INFO 152811 --- [           main] o.s.b.w.embedded.tomcat.TomcatWebServer  : Tomcat started on port 8081 (http) with context path '/'
2026-02-25T05:55:18.463+05:30  INFO 152811 --- [           main] o.s.a.r.c.CachingConnectionFactory       : Attempting to connect to: [localhost:5672]
2026-02-25T05:55:18.506+05:30  INFO 152811 --- [           main] o.s.a.r.c.CachingConnectionFactory       : Created new connection: rabbitConnectionFactory#1517015c:0/SimpleConnection@12a4937c [delegate=amqp://guest@127.0.0.1:5672/, localPort=58814]
2026-02-25T05:55:18.560+05:30  INFO 152811 --- [           main] c.e.v.EdubridgeVaultApplication          : Started EdubridgeVaultApplication in 22.334 seconds (process running for 22.965)
2026-02-25T05:55:31.171+05:30  INFO 152811 --- [nio-8081-exec-1] o.a.c.c.C.[Tomcat].[localhost].[/]       : Initializing Spring DispatcherServlet 'dispatcherServlet'
2026-02-25T05:55:31.171+05:30  INFO 152811 --- [nio-8081-exec-1] o.s.web.servlet.DispatcherServlet        : Initializing Servlet 'dispatcherServlet'
2026-02-25T05:55:31.173+05:30  INFO 152811 --- [nio-8081-exec-1] o.s.web.servlet.DispatcherServlet        : Completed initialization in 1 ms
2026-02-25T05:58:36.887+05:30  INFO 152811 --- [io-8081-exec-10] c.e.v.service.RegistrationService        : Processing signup for user: auth0|699dff2d42c199d2e34fbad2
2026-02-25T05:58:36.888+05:30  INFO 152811 --- [io-8081-exec-10] c.e.vaultservice.service.S3Service       : Starting file upload for user: auth0|699dff2d42c199d2e34fbad2/profile
2026-02-25T05:58:37.250+05:30  INFO 152811 --- [io-8081-exec-10] c.e.vaultservice.service.S3Service       : File upload successful. Key: auth0|699dff2d42c199d2e34fbad2/profile/3820e984-27b2-4b8a-aedf-ec0fa7496e4e_Screenshot From 2026-01-18 11-41-32.png
2026-02-25T05:58:37.251+05:30  INFO 152811 --- [io-8081-exec-10] c.e.vaultservice.service.S3Service       : Starting file upload for user: auth0|699dff2d42c199d2e34fbad2/finance
2026-02-25T05:58:37.335+05:30  INFO 152811 --- [io-8081-exec-10] c.e.vaultservice.service.S3Service       : File upload successful. Key: auth0|699dff2d42c199d2e34fbad2/finance/03187313-1020-4f22-8f6e-9dbf6ea2cdcc_Screenshot From 2026-01-16 00-48-59.png
2026-02-25T05:58:37.335+05:30  INFO 152811 --- [io-8081-exec-10] c.e.vaultservice.service.S3Service       : Starting file upload for user: auth0|699dff2d42c199d2e34fbad2/docs
2026-02-25T05:58:37.429+05:30  INFO 152811 --- [io-8081-exec-10] c.e.vaultservice.service.S3Service       : File upload successful. Key: auth0|699dff2d42c199d2e34fbad2/docs/17f2e758-61d8-42d4-8762-f876e3cfe1fb_Screenshot From 2025-09-25 20-20-44.png
2026-02-25T05:58:37.429+05:30  INFO 152811 --- [io-8081-exec-10] c.e.vaultservice.service.S3Service       : Starting file upload for user: auth0|699dff2d42c199d2e34fbad2/kyc
2026-02-25T05:58:37.522+05:30  INFO 152811 --- [io-8081-exec-10] c.e.vaultservice.service.S3Service       : File upload successful. Key: auth0|699dff2d42c199d2e34fbad2/kyc/5da30a51-1c6d-4082-a08a-e9853d45fde1_Screenshot From 2025-09-25 19-50-30.png
2026-02-25T06:02:21.964+05:30  INFO 152811 --- [nio-8081-exec-4] c.e.v.controller.AdminController         : Admin request for pending registrations
2026-02-25T06:02:22.476+05:30  INFO 152811 --- [nio-8081-exec-6] c.e.v.controller.AdminController         : Admin request for pending registrations
2026-02-25T06:02:22.762+05:30  INFO 152811 --- [nio-8081-exec-7] c.e.v.controller.AdminController         : Admin request for pending registrations
2026-02-25T06:02:23.043+05:30  INFO 152811 --- [nio-8081-exec-8] c.e.v.controller.AdminController         : Admin request for pending registrations
2026-02-25T06:02:29.473+05:30  INFO 152811 --- [io-8081-exec-10] c.e.v.controller.AdminController         : Admin verification request for user: auth0|699744a8d329d1f9957b1b93, status: APPROVED
2026-02-25T06:02:29.614+05:30  INFO 152811 --- [io-8081-exec-10] c.e.v.service.VerificationService        : Handling verification for user: auth0|699744a8d329d1f9957b1b93, status: APPROVED
2026-02-25T06:02:29.762+05:30  INFO 152811 --- [io-8081-exec-10] c.e.v.service.VerificationService        : Saved verification OutboxEvent for user: auth0|699744a8d329d1f9957b1b93
2026-02-25T06:02:30.236+05:30  INFO 152811 --- [nio-8081-exec-3] c.e.v.controller.AdminController         : Admin request for pending registrations
2026-02-25T06:02:31.843+05:30  INFO 152811 --- [nio-8081-exec-5] c.e.v.controller.AdminController         : Admin verification request for user: auth0|699dff2d42c199d2e34fbad2, status: APPROVED
2026-02-25T06:02:31.980+05:30  INFO 152811 --- [nio-8081-exec-5] c.e.v.service.VerificationService        : Handling verification for user: auth0|699dff2d42c199d2e34fbad2, status: APPROVED
2026-02-25T06:02:32.097+05:30  INFO 152811 --- [   scheduling-1] c.e.v.service.OutboxMessageRelay         : Found 1 pending outbox events to relay to Kafka
2026-02-25T06:02:32.116+05:30  INFO 152811 --- [ntContainer#0-1] c.e.v.l.VerificationEventListener        : Received verification event: {"status": "APPROVED", "userId": "auth0|699744a8d329d1f9957b1b93", "fullName": "Johnathan wick"}
2026-02-25T06:02:32.120+05:30  INFO 152811 --- [nio-8081-exec-5] c.e.v.service.VerificationService        : Saved verification OutboxEvent for user: auth0|699dff2d42c199d2e34fbad2
2026-02-25T06:02:32.538+05:30  INFO 152811 --- [   scheduling-1] c.e.v.service.OutboxMessageRelay         : Successfully relayed outbox event ID: 73791faf-1ed8-4ff7-a639-f4a85af4647d to topic verification-events
2026-02-25T06:02:32.696+05:30  INFO 152811 --- [nio-8081-exec-4] c.e.v.controller.AdminController         : Admin request for pending registrations
2026-02-25T06:02:37.814+05:30  INFO 152811 --- [   scheduling-1] c.e.v.service.OutboxMessageRelay         : Found 1 pending outbox events to relay to Kafka
2026-02-25T06:02:37.817+05:30  INFO 152811 --- [ntContainer#0-1] c.e.v.l.VerificationEventListener        : Received verification event: {"status": "APPROVED", "userId": "auth0|699dff2d42c199d2e34fbad2", "fullName": "John Don"}
2026-02-25T06:02:38.230+05:30  INFO 152811 --- [   scheduling-1] c.e.v.service.OutboxMessageRelay         : Successfully relayed outbox event ID: 760a30e4-6f40-4a34-acdb-81f34c0a0b42 to topic verification-events
